exports[`App component snapshot renders 1`] = `
<div>
  <nav>
    <a
      href={true}
      onClick={[Function]}>
      Logout
    </a>
  </nav>
  <main>
    <div>
      Test
    </div>
  </main>
</div>
`;
